
Discarded input sections

 .text          0x0000000000000000        0x0 CMakeFiles/ulp_main.dir/home/paul/Docs_Root/Doc/repositories/ESP32/ulp_adc_example/main/ulp/main.c.obj
 .data          0x0000000000000000        0x0 CMakeFiles/ulp_main.dir/home/paul/Docs_Root/Doc/repositories/ESP32/ulp_adc_example/main/ulp/main.c.obj
 .bss           0x0000000000000000        0x0 CMakeFiles/ulp_main.dir/home/paul/Docs_Root/Doc/repositories/ESP32/ulp_adc_example/main/ulp/main.c.obj
 .data          0x0000000000000000        0x0 CMakeFiles/ulp_main.dir/home/paul/esp/esp-idf/components/ulp/ulp_riscv/ulp_core/start.S.obj
 .bss           0x0000000000000000        0x0 CMakeFiles/ulp_main.dir/home/paul/esp/esp-idf/components/ulp/ulp_riscv/ulp_core/start.S.obj
 .text          0x0000000000000000        0x0 CMakeFiles/ulp_main.dir/home/paul/esp/esp-idf/components/ulp/ulp_riscv/ulp_core/ulp_riscv_adc.c.obj
 .data          0x0000000000000000        0x0 CMakeFiles/ulp_main.dir/home/paul/esp/esp-idf/components/ulp/ulp_riscv/ulp_core/ulp_riscv_adc.c.obj
 .bss           0x0000000000000000        0x0 CMakeFiles/ulp_main.dir/home/paul/esp/esp-idf/components/ulp/ulp_riscv/ulp_core/ulp_riscv_adc.c.obj
 .text          0x0000000000000000        0x0 CMakeFiles/ulp_main.dir/home/paul/esp/esp-idf/components/ulp/ulp_riscv/ulp_core/ulp_riscv_lock.c.obj
 .data          0x0000000000000000        0x0 CMakeFiles/ulp_main.dir/home/paul/esp/esp-idf/components/ulp/ulp_riscv/ulp_core/ulp_riscv_lock.c.obj
 .bss           0x0000000000000000        0x0 CMakeFiles/ulp_main.dir/home/paul/esp/esp-idf/components/ulp/ulp_riscv/ulp_core/ulp_riscv_lock.c.obj
 .text.ulp_riscv_lock_acquire
                0x0000000000000000       0x16 CMakeFiles/ulp_main.dir/home/paul/esp/esp-idf/components/ulp/ulp_riscv/ulp_core/ulp_riscv_lock.c.obj
 .text.ulp_riscv_lock_release
                0x0000000000000000        0x6 CMakeFiles/ulp_main.dir/home/paul/esp/esp-idf/components/ulp/ulp_riscv/ulp_core/ulp_riscv_lock.c.obj
 .comment       0x0000000000000000       0x30 CMakeFiles/ulp_main.dir/home/paul/esp/esp-idf/components/ulp/ulp_riscv/ulp_core/ulp_riscv_lock.c.obj
 .riscv.attributes
                0x0000000000000000       0x3b CMakeFiles/ulp_main.dir/home/paul/esp/esp-idf/components/ulp/ulp_riscv/ulp_core/ulp_riscv_lock.c.obj
 .text          0x0000000000000000        0x0 CMakeFiles/ulp_main.dir/home/paul/esp/esp-idf/components/ulp/ulp_riscv/ulp_core/ulp_riscv_uart.c.obj
 .data          0x0000000000000000        0x0 CMakeFiles/ulp_main.dir/home/paul/esp/esp-idf/components/ulp/ulp_riscv/ulp_core/ulp_riscv_uart.c.obj
 .bss           0x0000000000000000        0x0 CMakeFiles/ulp_main.dir/home/paul/esp/esp-idf/components/ulp/ulp_riscv/ulp_core/ulp_riscv_uart.c.obj
 .text.ulp_riscv_delay_cycles
                0x0000000000000000       0x12 CMakeFiles/ulp_main.dir/home/paul/esp/esp-idf/components/ulp/ulp_riscv/ulp_core/ulp_riscv_uart.c.obj
 .text.ulp_riscv_gpio_output_level.part.0
                0x0000000000000000       0x1a CMakeFiles/ulp_main.dir/home/paul/esp/esp-idf/components/ulp/ulp_riscv/ulp_core/ulp_riscv_uart.c.obj
 .text.ulp_riscv_uart_init
                0x0000000000000000       0x9a CMakeFiles/ulp_main.dir/home/paul/esp/esp-idf/components/ulp/ulp_riscv/ulp_core/ulp_riscv_uart.c.obj
 .text.ulp_riscv_uart_putc
                0x0000000000000000       0xa4 CMakeFiles/ulp_main.dir/home/paul/esp/esp-idf/components/ulp/ulp_riscv/ulp_core/ulp_riscv_uart.c.obj
 .comment       0x0000000000000000       0x30 CMakeFiles/ulp_main.dir/home/paul/esp/esp-idf/components/ulp/ulp_riscv/ulp_core/ulp_riscv_uart.c.obj
 .riscv.attributes
                0x0000000000000000       0x3b CMakeFiles/ulp_main.dir/home/paul/esp/esp-idf/components/ulp/ulp_riscv/ulp_core/ulp_riscv_uart.c.obj
 .text          0x0000000000000000        0x0 CMakeFiles/ulp_main.dir/home/paul/esp/esp-idf/components/ulp/ulp_riscv/ulp_core/ulp_riscv_print.c.obj
 .data          0x0000000000000000        0x0 CMakeFiles/ulp_main.dir/home/paul/esp/esp-idf/components/ulp/ulp_riscv/ulp_core/ulp_riscv_print.c.obj
 .bss           0x0000000000000000        0x0 CMakeFiles/ulp_main.dir/home/paul/esp/esp-idf/components/ulp/ulp_riscv/ulp_core/ulp_riscv_print.c.obj
 .text.ulp_riscv_print_install
                0x0000000000000000        0xe CMakeFiles/ulp_main.dir/home/paul/esp/esp-idf/components/ulp/ulp_riscv/ulp_core/ulp_riscv_print.c.obj
 .text.ulp_riscv_print_str
                0x0000000000000000       0x34 CMakeFiles/ulp_main.dir/home/paul/esp/esp-idf/components/ulp/ulp_riscv/ulp_core/ulp_riscv_print.c.obj
 .text.ulp_riscv_print_hex
                0x0000000000000000       0x50 CMakeFiles/ulp_main.dir/home/paul/esp/esp-idf/components/ulp/ulp_riscv/ulp_core/ulp_riscv_print.c.obj
 .sbss.s_print_ctx
                0x0000000000000000        0x8 CMakeFiles/ulp_main.dir/home/paul/esp/esp-idf/components/ulp/ulp_riscv/ulp_core/ulp_riscv_print.c.obj
 .comment       0x0000000000000000       0x30 CMakeFiles/ulp_main.dir/home/paul/esp/esp-idf/components/ulp/ulp_riscv/ulp_core/ulp_riscv_print.c.obj
 .riscv.attributes
                0x0000000000000000       0x3b CMakeFiles/ulp_main.dir/home/paul/esp/esp-idf/components/ulp/ulp_riscv/ulp_core/ulp_riscv_print.c.obj
 .text          0x0000000000000000        0x0 CMakeFiles/ulp_main.dir/home/paul/esp/esp-idf/components/ulp/ulp_riscv/ulp_core/ulp_riscv_i2c.c.obj
 .data          0x0000000000000000        0x0 CMakeFiles/ulp_main.dir/home/paul/esp/esp-idf/components/ulp/ulp_riscv/ulp_core/ulp_riscv_i2c.c.obj
 .bss           0x0000000000000000        0x0 CMakeFiles/ulp_main.dir/home/paul/esp/esp-idf/components/ulp/ulp_riscv/ulp_core/ulp_riscv_i2c.c.obj
 .text.ulp_riscv_i2c_wait_for_interrupt.constprop.0
                0x0000000000000000       0x32 CMakeFiles/ulp_main.dir/home/paul/esp/esp-idf/components/ulp/ulp_riscv/ulp_core/ulp_riscv_i2c.c.obj
 .text.ulp_riscv_i2c_master_set_slave_addr
                0x0000000000000000       0x1a CMakeFiles/ulp_main.dir/home/paul/esp/esp-idf/components/ulp/ulp_riscv/ulp_core/ulp_riscv_i2c.c.obj
 .text.ulp_riscv_i2c_master_set_slave_reg_addr
                0x0000000000000000       0x20 CMakeFiles/ulp_main.dir/home/paul/esp/esp-idf/components/ulp/ulp_riscv/ulp_core/ulp_riscv_i2c.c.obj
 .text.ulp_riscv_i2c_master_read_from_device
                0x0000000000000000      0x146 CMakeFiles/ulp_main.dir/home/paul/esp/esp-idf/components/ulp/ulp_riscv/ulp_core/ulp_riscv_i2c.c.obj
 .text.ulp_riscv_i2c_master_write_to_device
                0x0000000000000000      0x10c CMakeFiles/ulp_main.dir/home/paul/esp/esp-idf/components/ulp/ulp_riscv/ulp_core/ulp_riscv_i2c.c.obj
 .comment       0x0000000000000000       0x30 CMakeFiles/ulp_main.dir/home/paul/esp/esp-idf/components/ulp/ulp_riscv/ulp_core/ulp_riscv_i2c.c.obj
 .riscv.attributes
                0x0000000000000000       0x3b CMakeFiles/ulp_main.dir/home/paul/esp/esp-idf/components/ulp/ulp_riscv/ulp_core/ulp_riscv_i2c.c.obj
 .text          0x0000000000000000        0x0 CMakeFiles/ulp_main.dir/home/paul/esp/esp-idf/components/ulp/ulp_riscv/ulp_core/ulp_riscv_utils.c.obj
 .data          0x0000000000000000        0x0 CMakeFiles/ulp_main.dir/home/paul/esp/esp-idf/components/ulp/ulp_riscv/ulp_core/ulp_riscv_utils.c.obj
 .bss           0x0000000000000000        0x0 CMakeFiles/ulp_main.dir/home/paul/esp/esp-idf/components/ulp/ulp_riscv/ulp_core/ulp_riscv_utils.c.obj
 .text.ulp_riscv_timer_stop
                0x0000000000000000       0x10 CMakeFiles/ulp_main.dir/home/paul/esp/esp-idf/components/ulp/ulp_riscv/ulp_core/ulp_riscv_utils.c.obj
 .text.ulp_riscv_timer_resume
                0x0000000000000000       0x12 CMakeFiles/ulp_main.dir/home/paul/esp/esp-idf/components/ulp/ulp_riscv/ulp_core/ulp_riscv_utils.c.obj
 .text.ulp_riscv_gpio_wakeup_clear
                0x0000000000000000       0x12 CMakeFiles/ulp_main.dir/home/paul/esp/esp-idf/components/ulp/ulp_riscv/ulp_core/ulp_riscv_utils.c.obj

Memory Configuration

Name             Origin             Length             Attributes
ram              0x0000000000000000 0x0000000000000800 rw
*default*        0x0000000000000000 0xffffffffffffffff

Linker script and memory map

LOAD /home/paul/esp/esp-idf/components/ulp/ld/esp32s3.peripherals.ld
                [!provide]                        PROVIDE (RTCCNTL = 0x8000)
                [!provide]                        PROVIDE (RTCIO = 0xa400)
                0x000000000000c800                PROVIDE (SENS = 0xc800)
                [!provide]                        PROVIDE (RTC_I2C = 0xec00)
LOAD CMakeFiles/ulp_main.dir/home/paul/Docs_Root/Doc/repositories/ESP32/ulp_adc_example/main/ulp/main.c.obj
LOAD CMakeFiles/ulp_main.dir/home/paul/esp/esp-idf/components/ulp/ulp_riscv/ulp_core/start.S.obj
LOAD CMakeFiles/ulp_main.dir/home/paul/esp/esp-idf/components/ulp/ulp_riscv/ulp_core/ulp_riscv_adc.c.obj
LOAD CMakeFiles/ulp_main.dir/home/paul/esp/esp-idf/components/ulp/ulp_riscv/ulp_core/ulp_riscv_lock.c.obj
LOAD CMakeFiles/ulp_main.dir/home/paul/esp/esp-idf/components/ulp/ulp_riscv/ulp_core/ulp_riscv_uart.c.obj
LOAD CMakeFiles/ulp_main.dir/home/paul/esp/esp-idf/components/ulp/ulp_riscv/ulp_core/ulp_riscv_print.c.obj
LOAD CMakeFiles/ulp_main.dir/home/paul/esp/esp-idf/components/ulp/ulp_riscv/ulp_core/ulp_riscv_i2c.c.obj
LOAD CMakeFiles/ulp_main.dir/home/paul/esp/esp-idf/components/ulp/ulp_riscv/ulp_core/ulp_riscv_utils.c.obj
LOAD /home/paul/.espressif/tools/riscv32-esp-elf/esp-12.2.0_20230208/riscv32-esp-elf/bin/../lib/gcc/riscv32-esp-elf/12.2.0/rv32imc_zicsr_zifencei/ilp32/libgcc.a
LOAD /home/paul/.espressif/tools/riscv32-esp-elf/esp-12.2.0_20230208/riscv32-esp-elf/bin/../lib/gcc/riscv32-esp-elf/12.2.0/../../../../riscv32-esp-elf/lib/rv32imc_zicsr_zifencei/ilp32/libc_nano.a
LOAD /home/paul/.espressif/tools/riscv32-esp-elf/esp-12.2.0_20230208/riscv32-esp-elf/bin/../lib/gcc/riscv32-esp-elf/12.2.0/rv32imc_zicsr_zifencei/ilp32/libgcc.a
START GROUP
LOAD /home/paul/.espressif/tools/riscv32-esp-elf/esp-12.2.0_20230208/riscv32-esp-elf/bin/../lib/gcc/riscv32-esp-elf/12.2.0/rv32imc_zicsr_zifencei/ilp32/libgcc.a
LOAD /home/paul/.espressif/tools/riscv32-esp-elf/esp-12.2.0_20230208/riscv32-esp-elf/bin/../lib/gcc/riscv32-esp-elf/12.2.0/../../../../riscv32-esp-elf/lib/rv32imc_zicsr_zifencei/ilp32/libc_nano.a
LOAD /home/paul/.espressif/tools/riscv32-esp-elf/esp-12.2.0_20230208/riscv32-esp-elf/bin/../lib/gcc/riscv32-esp-elf/12.2.0/../../../../riscv32-esp-elf/lib/rv32imc_zicsr_zifencei/ilp32/libnosys.a
END GROUP
START GROUP
LOAD /home/paul/.espressif/tools/riscv32-esp-elf/esp-12.2.0_20230208/riscv32-esp-elf/bin/../lib/gcc/riscv32-esp-elf/12.2.0/rv32imc_zicsr_zifencei/ilp32/libgcc.a
LOAD /home/paul/.espressif/tools/riscv32-esp-elf/esp-12.2.0_20230208/riscv32-esp-elf/bin/../lib/gcc/riscv32-esp-elf/12.2.0/../../../../riscv32-esp-elf/lib/rv32imc_zicsr_zifencei/ilp32/libc_nano.a
LOAD /home/paul/.espressif/tools/riscv32-esp-elf/esp-12.2.0_20230208/riscv32-esp-elf/bin/../lib/gcc/riscv32-esp-elf/12.2.0/../../../../riscv32-esp-elf/lib/rv32imc_zicsr_zifencei/ilp32/libnosys.a
END GROUP
                0x0000000000000000                . = ORIGIN (ram)

.text           0x0000000000000000      0x160
 *start.S.obj(.text.vectors)
 .text.vectors  0x0000000000000000       0x1e CMakeFiles/ulp_main.dir/home/paul/esp/esp-idf/components/ulp/ulp_riscv/ulp_core/start.S.obj
                0x0000000000000000                reset_vector
                0x0000000000000010                irq_vector
 *(.text)
 .text          0x000000000000001e       0x10 CMakeFiles/ulp_main.dir/home/paul/esp/esp-idf/components/ulp/ulp_riscv/ulp_core/start.S.obj
 *(.text*)
 .text.startup.main
                0x000000000000002e       0x42 CMakeFiles/ulp_main.dir/home/paul/Docs_Root/Doc/repositories/ESP32/ulp_adc_example/main/ulp/main.c.obj
                0x000000000000002e                main
 .text.ulp_riscv_adc_read_channel
                0x0000000000000070       0xac CMakeFiles/ulp_main.dir/home/paul/esp/esp-idf/components/ulp/ulp_riscv/ulp_core/ulp_riscv_adc.c.obj
                0x0000000000000070                ulp_riscv_adc_read_channel
 .text.ulp_riscv_rescue_from_monitor
                0x000000000000011c       0x14 CMakeFiles/ulp_main.dir/home/paul/esp/esp-idf/components/ulp/ulp_riscv/ulp_core/ulp_riscv_utils.c.obj
                0x000000000000011c                ulp_riscv_rescue_from_monitor
 .text.ulp_riscv_wakeup_main_processor
                0x0000000000000130        0xc CMakeFiles/ulp_main.dir/home/paul/esp/esp-idf/components/ulp/ulp_riscv/ulp_core/ulp_riscv_utils.c.obj
                0x0000000000000130                ulp_riscv_wakeup_main_processor
 .text.ulp_riscv_halt
                0x000000000000013c       0x24 CMakeFiles/ulp_main.dir/home/paul/esp/esp-idf/components/ulp/ulp_riscv/ulp_core/ulp_riscv_utils.c.obj
                0x000000000000013c                ulp_riscv_halt

.rela.dyn       0x0000000000000160        0x0
 .rela.text     0x0000000000000160        0x0 CMakeFiles/ulp_main.dir/home/paul/Docs_Root/Doc/repositories/ESP32/ulp_adc_example/main/ulp/main.c.obj
 .rela.text.ulp_riscv_adc_read_channel
                0x0000000000000160        0x0 CMakeFiles/ulp_main.dir/home/paul/Docs_Root/Doc/repositories/ESP32/ulp_adc_example/main/ulp/main.c.obj

.rodata
 *(.rodata)
 *(.rodata*)

.data
 *(.data)
 *(.data*)
 *(.sdata)
 *(.sdata*)

.bss            0x0000000000000160        0xc
 *(.bss)
 *(.bss*)
 *(.sbss)
 *(.sbss*)
 .sbss.cycles.0
                0x0000000000000160        0x4 CMakeFiles/ulp_main.dir/home/paul/Docs_Root/Doc/repositories/ESP32/ulp_adc_example/main/ulp/main.c.obj
 .sbss.accumulator.1
                0x0000000000000164        0x4 CMakeFiles/ulp_main.dir/home/paul/Docs_Root/Doc/repositories/ESP32/ulp_adc_example/main/ulp/main.c.obj
 .sbss.wakeup_result
                0x0000000000000168        0x4 CMakeFiles/ulp_main.dir/home/paul/Docs_Root/Doc/repositories/ESP32/ulp_adc_example/main/ulp/main.c.obj
                0x0000000000000168                wakeup_result
                0x0000000000000800                __stack_top = (ORIGIN (ram) + LENGTH (ram))
OUTPUT(ulp_main.elf elf32-littleriscv)

.comment        0x0000000000000000       0x2f
 .comment       0x0000000000000000       0x2f CMakeFiles/ulp_main.dir/home/paul/Docs_Root/Doc/repositories/ESP32/ulp_adc_example/main/ulp/main.c.obj
                                         0x30 (size before relaxing)
 .comment       0x000000000000002f       0x30 CMakeFiles/ulp_main.dir/home/paul/esp/esp-idf/components/ulp/ulp_riscv/ulp_core/ulp_riscv_adc.c.obj
 .comment       0x000000000000002f       0x30 CMakeFiles/ulp_main.dir/home/paul/esp/esp-idf/components/ulp/ulp_riscv/ulp_core/ulp_riscv_utils.c.obj

.riscv.attributes
                0x0000000000000000       0x3b
 .riscv.attributes
                0x0000000000000000       0x3b CMakeFiles/ulp_main.dir/home/paul/Docs_Root/Doc/repositories/ESP32/ulp_adc_example/main/ulp/main.c.obj
 .riscv.attributes
                0x000000000000003b       0x24 CMakeFiles/ulp_main.dir/home/paul/esp/esp-idf/components/ulp/ulp_riscv/ulp_core/start.S.obj
 .riscv.attributes
                0x000000000000005f       0x3b CMakeFiles/ulp_main.dir/home/paul/esp/esp-idf/components/ulp/ulp_riscv/ulp_core/ulp_riscv_adc.c.obj
 .riscv.attributes
                0x000000000000009a       0x3b CMakeFiles/ulp_main.dir/home/paul/esp/esp-idf/components/ulp/ulp_riscv/ulp_core/ulp_riscv_utils.c.obj
